Microsoft (R) Macro Assembler Version 10.00.40219.01	    05/22/11 18:45:23
main.asm						     Page 1 - 1



				.586
				.MODEL FLAT

				.STACK 4096

 00000000			.DATA
 00000000 0000000A		number	DWORD	10
 00000004 00000000		sum		DWORD	?
					
 00000000			.CODE
 00000000			main PROC
 00000000  A1 00000000 R		MOV EAX, number
 00000005  83 C0 05			ADD EAX, 5
 00000008  A3 00000004 R		MOV sum, EAX

 0000000D  B8 00000000			MOV EAX, 0
 00000012  C3				RET
 00000013			main ENDP
					
				END 
Microsoft (R) Macro Assembler Version 10.00.40219.01	    05/22/11 18:45:23
main.asm						     Symbols 2 - 1




Segments and Groups:

                N a m e                 Size     Length   Align   Combine Class

FLAT . . . . . . . . . . . . . .	GROUP
STACK  . . . . . . . . . . . . .	32 Bit	 00001000 Para	  Stack	  'STACK'	 
_DATA  . . . . . . . . . . . . .	32 Bit	 00000008 Para	  Public  'DATA'	
_TEXT  . . . . . . . . . . . . .	32 Bit	 00000013 Para	  Public  'CODE'	


Procedures, parameters, and locals:

                N a m e                 Type     Value    Attr

main . . . . . . . . . . . . . .	P Near	 00000000 _TEXT	Length= 00000013 Public


Symbols:

                N a m e                 Type     Value    Attr

@CodeSize  . . . . . . . . . . .	Number	 00000000h   
@DataSize  . . . . . . . . . . .	Number	 00000000h   
@Interface . . . . . . . . . . .	Number	 00000000h   
@Model . . . . . . . . . . . . .	Number	 00000007h   
@code  . . . . . . . . . . . . .	Text   	 _TEXT
@data  . . . . . . . . . . . . .	Text   	 FLAT
@fardata?  . . . . . . . . . . .	Text   	 FLAT
@fardata . . . . . . . . . . . .	Text   	 FLAT
@stack . . . . . . . . . . . . .	Text   	 FLAT
number . . . . . . . . . . . . .	DWord	 00000000 _DATA	
sum  . . . . . . . . . . . . . .	DWord	 00000004 _DATA	

	   0 Warnings
	   0 Errors
